2026-08-09 14:59:28.883 +07:00 [ERR] An error occurred using the connection to database '' on server ''.
2026-08-09 14:59:28.927 +07:00 [ERR] An error occured during migration.
System.InvalidOperationException: The ConnectionString property has not been initialized.
   at Npgsql.ThrowHelper.ThrowInvalidOperationException(String message)
   at Npgsql.NpgsqlConnection.Open(Boolean async, CancellationToken cancellationToken)
   at Npgsql.NpgsqlConnection.OpenAsync(CancellationToken cancellationToken)
   at Microsoft.EntityFrameworkCore.Storage.RelationalConnection.OpenDbConnectionAsync(Boolean errorsExpected, CancellationToken cancellationToken)
   at Microsoft.EntityFrameworkCore.Storage.RelationalConnection.OpenInternalAsync(Boolean errorsExpected, CancellationToken cancellationToken)
   at Microsoft.EntityFrameworkCore.Storage.RelationalConnection.OpenInternalAsync(Boolean errorsExpected, CancellationToken cancellationToken)
   at Microsoft.EntityFrameworkCore.Storage.RelationalConnection.OpenAsync(CancellationToken cancellationToken, Boolean errorsExpected)
   at Microsoft.EntityFrameworkCore.Storage.RelationalCommand.ExecuteReaderAsync(RelationalCommandParameterObject parameterObject, CancellationToken cancellationToken)
   at Microsoft.EntityFrameworkCore.Migrations.HistoryRepository.GetAppliedMigrationsAsync(CancellationToken cancellationToken)
   at Npgsql.EntityFrameworkCore.PostgreSQL.Migrations.Internal.NpgsqlHistoryRepository.GetAppliedMigrationsAsync(CancellationToken cancellationToken)
   at Npgsql.EntityFrameworkCore.PostgreSQL.Migrations.Internal.NpgsqlMigrator.MigrateAsync(String targetMigration, CancellationToken cancellationToken)
   at Program.<Main>$(String[] args) in P:\practice_on_lesson\fullstack-activities\backend-activities\API\Program.cs:line 98
2026-08-09 14:59:29.103 +07:00 [WRN] The ASP.NET Core developer certificate is not trusted. For information about trusting the ASP.NET Core developer certificate, see https://aka.ms/aspnet/https-trust-dev-cert
2026-08-09 14:59:29.134 +07:00 [INF] Now listening on: https://localhost:7001
2026-08-09 14:59:29.136 +07:00 [INF] Application started. Press Ctrl+C to shut down.
2026-08-09 14:59:29.137 +07:00 [INF] Hosting environment: Development
2026-08-09 14:59:29.138 +07:00 [INF] Content root path: P:\practice_on_lesson\fullstack-activities\backend-activities\API
2026-08-09 15:46:41.727 +07:00 [INF] Application is shutting down...
2026-08-09 15:46:55.250 +07:00 [ERR] An error occurred using the connection to database '' on server ''.
2026-08-09 15:46:55.293 +07:00 [ERR] An error occured during migration.
System.InvalidOperationException: The ConnectionString property has not been initialized.
   at Npgsql.ThrowHelper.ThrowInvalidOperationException(String message)
   at Npgsql.NpgsqlConnection.Open(Boolean async, CancellationToken cancellationToken)
   at Npgsql.NpgsqlConnection.OpenAsync(CancellationToken cancellationToken)
   at Microsoft.EntityFrameworkCore.Storage.RelationalConnection.OpenDbConnectionAsync(Boolean errorsExpected, CancellationToken cancellationToken)
   at Microsoft.EntityFrameworkCore.Storage.RelationalConnection.OpenInternalAsync(Boolean errorsExpected, CancellationToken cancellationToken)
   at Microsoft.EntityFrameworkCore.Storage.RelationalConnection.OpenInternalAsync(Boolean errorsExpected, CancellationToken cancellationToken)
   at Microsoft.EntityFrameworkCore.Storage.RelationalConnection.OpenAsync(CancellationToken cancellationToken, Boolean errorsExpected)
   at Microsoft.EntityFrameworkCore.Storage.RelationalCommand.ExecuteReaderAsync(RelationalCommandParameterObject parameterObject, CancellationToken cancellationToken)
   at Microsoft.EntityFrameworkCore.Migrations.HistoryRepository.GetAppliedMigrationsAsync(CancellationToken cancellationToken)
   at Npgsql.EntityFrameworkCore.PostgreSQL.Migrations.Internal.NpgsqlHistoryRepository.GetAppliedMigrationsAsync(CancellationToken cancellationToken)
   at Npgsql.EntityFrameworkCore.PostgreSQL.Migrations.Internal.NpgsqlMigrator.MigrateAsync(String targetMigration, CancellationToken cancellationToken)
   at Program.<Main>$(String[] args) in P:\practice_on_lesson\fullstack-activities\backend-activities\API\Program.cs:line 99
2026-08-09 15:46:55.466 +07:00 [WRN] The ASP.NET Core developer certificate is not trusted. For information about trusting the ASP.NET Core developer certificate, see https://aka.ms/aspnet/https-trust-dev-cert
2026-08-09 15:46:55.495 +07:00 [INF] Now listening on: https://localhost:7001
2026-08-09 15:46:55.497 +07:00 [INF] Application started. Press Ctrl+C to shut down.
2026-08-09 15:46:55.498 +07:00 [INF] Hosting environment: Development
2026-08-09 15:46:55.499 +07:00 [INF] Content root path: P:\practice_on_lesson\fullstack-activities\backend-activities\API
2026-08-09 15:52:31.674 +07:00 [INF] Application is shutting down...
2026-08-09 16:01:19.875 +07:00 [ERR] An error occurred using the connection to database '' on server ''.
